[www.shi-nua.com/img/concepto.png]
[shi-nua.com/img/apple-touch-icon-144x144.png]
[shi-nua.com/img/apple-touch-icon-114x114.png]
[shi-nua.com/img/apple-touch-icon-72x72.png]
[shi-nua.com/img/apple-touch-icon-57x57.png]
[backblue.gif]
[fade.gif]
[index.html]
[shi-nua.com/img/loading.gif]
[shi-nua.com/img/logo.png]
[shi-nua.com/img/logo_reverse.png]
[shi-nua.com/img/logo_big.png]
[shi-nua.com/img/big/01.jpg]
[shi-nua.com/img/small/01.jpg]
[shi-nua.com/img/big/02.jpg]
[shi-nua.com/img/small/02.jpg]
[shi-nua.com/img/big/03.jpg]
[shi-nua.com/img/small/03.jpg]
[shi-nua.com/img/big/04.jpg]
[shi-nua.com/img/small/04.jpg]
[shi-nua.com/img/big/05.jpg]
[shi-nua.com/img/small/05.jpg]
[shi-nua.com/img/big/06.jpg]
[shi-nua.com/img/small/06.jpg]
[shi-nua.com/img/big/07.jpg]
[shi-nua.com/img/small/07.jpg]
[shi-nua.com/img/big/08.jpg]
[shi-nua.com/img/small/08.jpg]
[shi-nua.com/img/big/09.jpg]
[shi-nua.com/img/small/09.jpg]
[shi-nua.com/img/big/10.jpg]
[shi-nua.com/img/small/10.jpg]
[shi-nua.com/img/big/11.jpg]
[shi-nua.com/img/small/11.jpg]
[shi-nua.com/img/big/12.jpg]
[shi-nua.com/img/small/12.jpg]
[shi-nua.com/img/big/13.jpg]
[shi-nua.com/img/small/13.jpg]
[shi-nua.com/img/big/14.jpg]
[shi-nua.com/img/small/14.jpg]
[shi-nua.com/img/big/15.jpg]
[shi-nua.com/img/small/15.jpg]
[shi-nua.com/img/big/16.jpg]
[shi-nua.com/img/small/16.jpg]
[shi-nua.com/img/big/17.jpg]
[shi-nua.com/img/small/17.jpg]
[shi-nua.com/img/big/18.jpg]
[shi-nua.com/img/small/18.jpg]
[shi-nua.com/img/big/19.jpg]
[shi-nua.com/img/small/19.jpg]
[shi-nua.com/img/big/20.jpg]
[shi-nua.com/img/small/20.jpg]
[shi-nua.com/img/big/21.jpg]
[shi-nua.com/img/small/21.jpg]
[shi-nua.com/carta-shi-nua-salon.pdf]
[shi-nua.com/carta-shi-nua-bar.pdf]
[shi-nua.com/img/01.jpg]
[shi-nua.com/img/02.jpg]
[shi-nua.com/img/03.jpg]
[shi-nua.com/img/04.jpg]
[shi-nua.com/img/05.jpg]
[shi-nua.com/img/logo_dlp.png]
[shi-nua.com/js/jquery.js]
[shi-nua.com/js/bootstrap.min.js]
[shi-nua.com/js/plugins.js]
[shi-nua.com/js/contactform.js]
[shi-nua.com/js/init.js]
[shi-nua.com/img/bg/home2.jpg]
[shi-nua.com/img/bg/home4.jpg]
[shi-nua.com/img/bg/home3.jpg]
[shi-nua.com/index.html]
[shi-nua.com/img/ico/favicon.html]
[www.covermanager.com/js/iframeResizer.min.js]
[shi-nua.com/fonts/glyphicons-halflings-regular.eot]
[shi-nua.com/fonts/glyphicons-halflings-regulard41d.eot]
[shi-nua.com/fonts/glyphicons-halflings-regular.woff]
[shi-nua.com/fonts/glyphicons-halflings-regular.ttf]
[shi-nua.com/css/bootstrap.min.css]
[shi-nua.com/css/animate.css]
[shi-nua.com/img/drag.png]
[shi-nua.com/css/plugins.css]
[shi-nua.com/img/dark-footer-bg.jpg]
[shi-nua.com/css/style.css]
[shi-nua.com/font-awesome/fonts/fontawesome-webfont5b62.eot]
[shi-nua.com/font-awesome/fonts/fontawesome-webfontd41d.eot]
[shi-nua.com/font-awesome/fonts/fontawesome-webfont5b62.woff2]
[shi-nua.com/font-awesome/fonts/fontawesome-webfont5b62.woff]
[shi-nua.com/font-awesome/fonts/fontawesome-webfont5b62.ttf]
[shi-nua.com/font-awesome/css/font-awesome.min.css]
[shi-nua.com/fonts/Pe-icon-7-strokebb1d.eot]
[shi-nua.com/fonts/Pe-icon-7-stroked41d.eot]
[shi-nua.com/fonts/Pe-icon-7-strokebb1d.woff]
[shi-nua.com/fonts/Pe-icon-7-strokebb1d.ttf]
[shi-nua.com/css/pe-icons.css]
[shi-nua.com/index-2.html]
[shi-nua.com/fonts/glyphicons-halflings-regular.svg]
[shi-nua.com/css/AjaxLoader.html]
[shi-nua.com/css/mCSB_buttons.html]
[shi-nua.com/img/footer-bg.html]
[shi-nua.com/font-awesome/fonts/fontawesome-webfont5b62.svg]
[shi-nua.com/fonts/Pe-icon-7-strokebb1d.svg]
